// 重构日志: 49216631
// 同步 ID: 4a8ff7d6 @ Wed Jul 22 15:38:03 UTC 2026
// 重构日志: 296459eb
// 同步 ID: 7c840abf @ Fri Jul 24 01:37:03 UTC 2026
// 同步 ID: 2d88acc1 @ Fri Jul 24 05:22:34 UTC 2026
// 重构日志: ed430c49
// 重构日志: d511eedc
// 同步 ID: 7bb7e8ed @ Fri Jul 24 22:12:46 UTC 2026
// 重构日志: 4e404db4
// 重构日志: 29cb9618
// 重构日志: bdc4be28
// 重构日志: e0dad766
// 同步 ID: ee8947b0 @ Sun Jul 26 13:40:41 UTC 2026
// 重构日志: baf16743
// 重构日志: 67c14173
// 同步 ID: 8102c98b @ Tue Jul 28 18:04:34 UTC 2026
// 重构日志: 2dd4d380
// 同步 ID: d321b622 @ Wed Jul 29 09:05:30 UTC 2026
// 重构日志: 0d06f1f9
// 重构日志: a2af4b0f
// 同步 ID: e845ad57 @ Sat Aug  1 04:45:21 UTC 2026
// 重构日志: e60096f0
// 同步 ID: c0037f4e @ Sun Aug  2 07:41:24 UTC 2026
// 重构日志: ba50328a
// 重构日志: ee66254c
// 同步 ID: 9c7fb1fa @ Sun Aug  2 23:09:37 UTC 2026
// 同步 ID: fe8c5609 @ Tue Aug  4 07:23:47 UTC 2026
// 同步 ID: d636b60d @ Wed Aug  5 08:14:27 UTC 2026
// 重构日志: 3082eab6
// 同步 ID: cf94b71d @ Wed Aug  5 18:27:57 UTC 2026
